{"type":"server-started","port":58762,"host":"127.0.0.1","url_host":"localhost","url":"http://localhost:58762","screen_dir":"/Users/pacosalazar/Documents/Fennec App/fennec/.superpowers/brainstorm/51629-1780448550/content","state_dir":"/Users/pacosalazar/Documents/Fennec App/fennec/.superpowers/brainstorm/51629-1780448550/state"}
{"type":"screen-added","file":"/Users/pacosalazar/Documents/Fennec App/fennec/.superpowers/brainstorm/51629-1780448550/content/nav-layout.html"}
{"type":"screen-added","file":"/Users/pacosalazar/Documents/Fennec App/fennec/.superpowers/brainstorm/51629-1780448550/content/waiting.html"}
{"type":"screen-added","file":"/Users/pacosalazar/Documents/Fennec App/fennec/.superpowers/brainstorm/51629-1780448550/content/network-collection.html"}
{"type":"screen-updated","file":"/Users/pacosalazar/Documents/Fennec App/fennec/.superpowers/brainstorm/51629-1780448550/content/network-collection.html"}
{"type":"screen-updated","file":"/Users/pacosalazar/Documents/Fennec App/fennec/.superpowers/brainstorm/51629-1780448550/content/network-collection.html"}
{"type":"screen-updated","file":"/Users/pacosalazar/Documents/Fennec App/fennec/.superpowers/brainstorm/51629-1780448550/content/network-collection.html"}
{"type":"screen-updated","file":"/Users/pacosalazar/Documents/Fennec App/fennec/.superpowers/brainstorm/51629-1780448550/content/network-collection.html"}
{"type":"screen-updated","file":"/Users/pacosalazar/Documents/Fennec App/fennec/.superpowers/brainstorm/51629-1780448550/content/network-collection.html"}
{"type":"screen-updated","file":"/Users/pacosalazar/Documents/Fennec App/fennec/.superpowers/brainstorm/51629-1780448550/content/network-collection.html"}
{"type":"screen-updated","file":"/Users/pacosalazar/Documents/Fennec App/fennec/.superpowers/brainstorm/51629-1780448550/content/network-collection.html"}
{"type":"screen-updated","file":"/Users/pacosalazar/Documents/Fennec App/fennec/.superpowers/brainstorm/51629-1780448550/content/network-collection.html"}
{"type":"screen-updated","file":"/Users/pacosalazar/Documents/Fennec App/fennec/.superpowers/brainstorm/51629-1780448550/content/network-collection.html"}
{"type":"screen-updated","file":"/Users/pacosalazar/Documents/Fennec App/fennec/.superpowers/brainstorm/51629-1780448550/content/network-collection.html"}
{"type":"screen-updated","file":"/Users/pacosalazar/Documents/Fennec App/fennec/.superpowers/brainstorm/51629-1780448550/content/network-collection.html"}
{"type":"screen-updated","file":"/Users/pacosalazar/Documents/Fennec App/fennec/.superpowers/brainstorm/51629-1780448550/content/network-collection.html"}
{"type":"screen-updated","file":"/Users/pacosalazar/Documents/Fennec App/fennec/.superpowers/brainstorm/51629-1780448550/content/network-collection.html"}
{"type":"screen-updated","file":"/Users/pacosalazar/Documents/Fennec App/fennec/.superpowers/brainstorm/51629-1780448550/content/network-collection.html"}
{"type":"screen-updated","file":"/Users/pacosalazar/Documents/Fennec App/fennec/.superpowers/brainstorm/51629-1780448550/content/network-collection.html"}
{"type":"server-stopped","reason":"idle timeout"}
